// Jest Snapshot v1, https://goo.gl/fbAQLP

exports[`UpsellBanner component should render 1`] = `
<Component
  action={
    <AlertActionCloseButton
      onClose={[Function]}
    />
  }
  isInline={true}
  title="Put Insights into action"
  variant="info"
>
  <Stack
    hasGutter
  >
    <StackItem>
      Enable push-button remediation across your hybrid cloud environment with Red Hat Smart Management.
    </StackItem>
    <StackItem>
      <a
        href="https://www.redhat.com/en/technologies/management/smart-management"
      >
        Learn more
      </a>
    </StackItem>
  </Stack>
</Component>
`;
