// Jest Snapshot v1, https://goo.gl/fbAQLP

exports[`UpsellBanner component should render 1`] = `
<Component
  actionClose={
    <Unknown
      onClose={[Function]}
    />
  }
  isInline={true}
  title="Put Insights into action"
  variant="info"
>
  <Component
    hasGutter={true}
  >
    <Component>
      Enable push-button remediation across your hybrid cloud environment with Red Hat Smart Management.
    </Component>
    <Component>
      <a
        href="https://www.redhat.com/en/technologies/management/smart-management"
      >
        Learn more
      </a>
    </Component>
  </Component>
</Component>
`;
